2026-09-01T16:54:02,206 INFO  [SanityTest] - Bắt đầu testing
2026-09-01T17:01:39,545 INFO  [Log] - *******************************************************************
2026-09-01T17:01:39,549 INFO  [Log] - $$$$$$$$$$$$$$$$$$$$   testBase       $$$$$$$$$$$$$$$$$$$
2026-09-01T17:01:39,550 INFO  [Log] - *******************************************************************
2026-09-01T17:01:39,562 INFO  [Log] - $$$$$$$$$$$$$$$$$$$$      E---N---D-     $$$$$$$$$$$$$$$$$$$ 
2026-09-02T16:33:09,198 INFO  [Log] - *******************************************************************
2026-09-02T16:33:09,200 INFO  [Log] - $$$$$$$$$$$$$$$$$$$$   testBase       $$$$$$$$$$$$$$$$$$$
2026-09-02T16:33:09,200 INFO  [Log] - *******************************************************************
2026-09-02T16:34:00,153 INFO  [Log] - *******************************************************************
2026-09-02T16:34:00,156 INFO  [Log] - $$$$$$$$$$$$$$$$$$$$   testBase       $$$$$$$$$$$$$$$$$$$
2026-09-02T16:34:00,157 INFO  [Log] - *******************************************************************
2026-09-02T16:34:31,126 INFO  [Log] - *******************************************************************
2026-09-02T16:34:31,128 INFO  [Log] - $$$$$$$$$$$$$$$$$$$$   testBase       $$$$$$$$$$$$$$$$$$$
2026-09-02T16:34:31,128 INFO  [Log] - *******************************************************************
2026-09-02T16:40:55,620 INFO  [Log] - *******************************************************************
2026-09-02T16:40:55,625 INFO  [Log] - $$$$$$$$$$$$$$$$$$$$   testBase       $$$$$$$$$$$$$$$$$$$
2026-09-02T16:40:55,625 INFO  [Log] - *******************************************************************
2026-09-02T16:40:55,638 INFO  [Log] - $$$$$$$$$$$$$$$$$$$$      E---N---D-     $$$$$$$$$$$$$$$$$$$ 
2026-09-02T16:56:00,687 INFO  [Log] - Start Testing: testBase
2026-09-02T16:56:00,693 INFO  [Log] - *******************************************************************
2026-09-02T16:56:00,694 INFO  [Log] - $$$$$$$$$$$$$$$$$$$$   testBase       $$$$$$$$$$$$$$$$$$$
2026-09-02T16:56:00,694 INFO  [Log] - *******************************************************************
2026-09-02T16:56:00,713 INFO  [Log] - $$$$$$$$$$$$$$$$$$$$      E---N---D-     $$$$$$$$$$$$$$$$$$$ 
2026-09-02T16:56:00,717 INFO  [Log] - PASS: testBase
2026-09-02T17:02:38,069 INFO  [Log] - Start Testing: testBase
2026-09-02T17:02:38,101 ERROR [Log] - FAIL: testBase
2026-09-02T17:02:38,101 ERROR [Log] - REASON: java.lang.AssertionError: expected [true] but found [false]
2026-09-02T17:09:42,560 INFO  [Log] - *******************************************************************
2026-09-02T17:09:42,560 INFO  [Log] - $$$$$$$$$$$$$$$$$$$$   testBase       $$$$$$$$$$$$$$$$$$$
2026-09-02T17:09:42,560 INFO  [Log] - *******************************************************************
2026-09-02T17:09:42,593 ERROR [Log] - FAIL: testBase
2026-09-02T17:09:42,593 ERROR [Log] - REASON: java.lang.AssertionError: expected [true] but found [false]
2026-09-02T17:17:45,907 INFO  [Log] - *******************************************************************
2026-09-02T17:17:45,922 INFO  [Log] - $$$$$$$$$$$$$$$$$$$$   testBase       $$$$$$$$$$$$$$$$$$$
2026-09-02T17:17:45,923 INFO  [Log] - *******************************************************************
2026-09-02T17:17:45,942 ERROR [Log] - FAIL: testBase
2026-09-02T17:17:45,942 ERROR [Log] - REASON: java.lang.AssertionError: expected [true] but found [false]
2026-09-02T17:21:18,936 INFO  [Log] - *******************************************************************
2026-09-02T17:21:18,943 INFO  [Log] - $$$$$$$$$$$$$$$$$$$$   testBase       $$$$$$$$$$$$$$$$$$$
2026-09-02T17:21:18,943 INFO  [Log] - *******************************************************************
2026-09-02T17:21:18,970 ERROR [Log] - FAIL: testBase
2026-09-02T17:21:18,971 ERROR [Log] - REASON: java.lang.AssertionError: expected [true] but found [false]
2026-09-05T15:58:09,491 INFO  [Log] - *******************************************************************
2026-09-05T15:58:09,496 INFO  [Log] - $$$$$$$$$$$$$$$$$$$$   testBase       $$$$$$$$$$$$$$$$$$$
2026-09-05T15:58:09,497 INFO  [Log] - *******************************************************************
2026-09-05T15:58:09,515 WARN  [Log] - SKIPPED: testBase
2026-09-05T15:58:13,427 INFO  [Log] - *******************************************************************
2026-09-05T15:58:13,427 INFO  [Log] - $$$$$$$$$$$$$$$$$$$$   testBase       $$$$$$$$$$$$$$$$$$$
2026-09-05T15:58:13,427 INFO  [Log] - *******************************************************************
2026-09-05T15:58:13,432 ERROR [Log] - FAIL: testBase
2026-09-05T15:58:13,433 ERROR [Log] - REASON: java.lang.AssertionError: expected [true] but found [false]
